.next/types/validator.ts(126,31): error TS2344: Type 'typeof import("C:/Users/HEMANT GUPTA/Desktop/Hemant Codes/courier management/src/app/api/couriers/[id]/route")' does not satisfy the constraint 'RouteHandlerConfig<"/api/couriers/[id]">'.
  Types of property 'PATCH' are incompatible.
    Type '(req: Request, { params }: { params: { id: string; }; }) => Promise<NextResponse<unknown>>' is not assignable to type '(request: NextRequest, context: { params: Promise<{ id: string; }>; }) => void | Response | Promise<void | Response>'.
      Types of parameters '__1' and 'context' are incompatible.
        Type '{ params: Promise<{ id: string; }>; }' is not assignable to type '{ params: { id: string; }; }'.
          Types of property 'params' are incompatible.
            Property 'id' is missing in type 'Promise<{ id: string; }>' but required in type '{ id: string; }'.
src/app/dashboard/entries/columns.tsx(4,24): error TS2307: Cannot find module 'date-fns' or its corresponding type declarations.
src/app/dashboard/entries/columns.tsx(125,46): error TS2339: Property 'deleteRow' does not exist on type 'TableMeta<{ id: string; createdAt: Date; updatedAt: Date; status: string; srNo: number | null; date: Date; challanNo: string; fromParty: string; toParty: string; weight: string; destination: string; amount: number; }>'.
src/components/ThemeToggle.tsx(20,28): error TS2322: Type '{ children: Element; asChild: true; }' is not assignable to type 'IntrinsicAttributes & Props<unknown>'.
  Property 'asChild' does not exist on type 'IntrinsicAttributes & Props<unknown>'.
